
 N E X T F L O W   ~  version 25.10.4

Launching `main.nf` [lonely_noether] DSL2 - revision: ee594dcd41

[-        ] MM_AWGS:T2T_TRACK:REALIGN_T2T  -
[-        ] MM_…T_TRACK:SAMTOOLS_INDEX_T2T -
[-        ] MM_AWGS:T2T_TRACK:SNIFFLES     -
[-        ] MM_AWGS:T2T_TRACK:CUTESV       -
[-        ] MM_AWGS:T2T_TRACK:SEVERUS      -
[-        ] MM_…S:T2T_TRACK:SURVIVOR_MERGE -
[-        ] MM_…ANNOTATE_MM_TRANSLOCATIONS -

executor >  local (1)
[84/123fdd] MM_…IGN_T2T (11F202612108_18h) | 0 of 1
[-        ] MM_…T_TRACK:SAMTOOLS_INDEX_T2T -
[-        ] MM_AWGS:T2T_TRACK:SNIFFLES     -
[-        ] MM_AWGS:T2T_TRACK:CUTESV       -
[-        ] MM_AWGS:T2T_TRACK:SEVERUS      -
[-        ] MM_…S:T2T_TRACK:SURVIVOR_MERGE -
[-        ] MM_…ANNOTATE_MM_TRANSLOCATIONS -

executor >  local (2)
[84/123fdd] MM_…IGN_T2T (11F202612108_18h) | 1 of 1 ✔
[c7/22ee15] MM_…DEX_T2T (11F202612108_18h) | 0 of 1
[-        ] MM_AWGS:T2T_TRACK:SNIFFLES     -
[-        ] MM_AWGS:T2T_TRACK:CUTESV       -
[-        ] MM_AWGS:T2T_TRACK:SEVERUS      -
[-        ] MM_…S:T2T_TRACK:SURVIVOR_MERGE -
[-        ] MM_…ANNOTATE_MM_TRANSLOCATIONS -

executor >  local (5)
[84/123fdd] MM_…IGN_T2T (11F202612108_18h) | 1 of 1 ✔
[c7/22ee15] MM_…DEX_T2T (11F202612108_18h) | 1 of 1 ✔
[ec/dcc4e4] MM_…NIFFLES (11F202612108_18h) | 0 of 1
[64/33a060] MM_…:CUTESV (11F202612108_18h) | 0 of 1
[ed/5a87a2] MM_…SEVERUS (11F202612108_18h) | 0 of 1
[-        ] MM_…S:T2T_TRACK:SURVIVOR_MERGE -
[-        ] MM_…ANNOTATE_MM_TRANSLOCATIONS -

executor >  local (5)
[84/123fdd] MM_…IGN_T2T (11F202612108_18h) | 1 of 1 ✔
[c7/22ee15] MM_…DEX_T2T (11F202612108_18h) | 1 of 1 ✔
[ec/dcc4e4] MM_…NIFFLES (11F202612108_18h) | 0 of 1
[64/33a060] MM_…:CUTESV (11F202612108_18h) | 0 of 1
[ed/5a87a2] MM_…SEVERUS (11F202612108_18h) | 0 of 1
[-        ] MM_…S:T2T_TRACK:SURVIVOR_MERGE -
[-        ] MM_…ANNOTATE_MM_TRANSLOCATIONS -

executor >  local (5)
[84/123fdd] MM_…IGN_T2T (11F202612108_18h) | 1 of 1 ✔
[c7/22ee15] MM_…DEX_T2T (11F202612108_18h) | 1 of 1 ✔
[ec/dcc4e4] MM_…NIFFLES (11F202612108_18h) | 1 of 1 ✔
[64/33a060] MM_…:CUTESV (11F202612108_18h) | 0 of 1
[ed/5a87a2] MM_…SEVERUS (11F202612108_18h) | 0 of 1
[-        ] MM_…S:T2T_TRACK:SURVIVOR_MERGE -
[-        ] MM_…ANNOTATE_MM_TRANSLOCATIONS -

executor >  local (5)
[84/123fdd] MM_…IGN_T2T (11F202612108_18h) | 1 of 1 ✔
[c7/22ee15] MM_…DEX_T2T (11F202612108_18h) | 1 of 1 ✔
[ec/dcc4e4] MM_…NIFFLES (11F202612108_18h) | 1 of 1 ✔
[64/33a060] MM_…:CUTESV (11F202612108_18h) | 1 of 1 ✔
[ed/5a87a2] MM_…SEVERUS (11F202612108_18h) | 0 of 1
[-        ] MM_…S:T2T_TRACK:SURVIVOR_MERGE -
[-        ] MM_…ANNOTATE_MM_TRANSLOCATIONS -

executor >  local (6)
[84/123fdd] MM_…IGN_T2T (11F202612108_18h) | 1 of 1 ✔
[c7/22ee15] MM_…DEX_T2T (11F202612108_18h) | 1 of 1 ✔
[ec/dcc4e4] MM_…NIFFLES (11F202612108_18h) | 1 of 1 ✔
[64/33a060] MM_…:CUTESV (11F202612108_18h) | 1 of 1 ✔
[ed/5a87a2] MM_…SEVERUS (11F202612108_18h) | 1 of 1 ✔
[45/3d5f78] MM_…R_MERGE (11F202612108_18h) | 0 of 1
[-        ] MM_…ANNOTATE_MM_TRANSLOCATIONS -

executor >  local (7)
[84/123fdd] MM_…IGN_T2T (11F202612108_18h) | 1 of 1 ✔
[c7/22ee15] MM_…DEX_T2T (11F202612108_18h) | 1 of 1 ✔
[ec/dcc4e4] MM_…NIFFLES (11F202612108_18h) | 1 of 1 ✔
[64/33a060] MM_…:CUTESV (11F202612108_18h) | 1 of 1 ✔
[ed/5a87a2] MM_…SEVERUS (11F202612108_18h) | 1 of 1 ✔
[45/3d5f78] MM_…R_MERGE (11F202612108_18h) | 1 of 1 ✔
[b0/56e898] MM_…CATIONS (11F202612108_18h) | 0 of 1

executor >  local (7)
[84/123fdd] MM_…IGN_T2T (11F202612108_18h) | 1 of 1 ✔
[c7/22ee15] MM_…DEX_T2T (11F202612108_18h) | 1 of 1 ✔
[ec/dcc4e4] MM_…NIFFLES (11F202612108_18h) | 1 of 1 ✔
[64/33a060] MM_…:CUTESV (11F202612108_18h) | 1 of 1 ✔
[ed/5a87a2] MM_…SEVERUS (11F202612108_18h) | 1 of 1 ✔
[45/3d5f78] MM_…R_MERGE (11F202612108_18h) | 1 of 1 ✔
[b0/56e898] MM_…CATIONS (11F202612108_18h) | 1 of 1 ✔

executor >  local (7)
[84/123fdd] MM_…IGN_T2T (11F202612108_18h) | 1 of 1 ✔
[c7/22ee15] MM_…DEX_T2T (11F202612108_18h) | 1 of 1 ✔
[ec/dcc4e4] MM_…NIFFLES (11F202612108_18h) | 1 of 1 ✔
[64/33a060] MM_…:CUTESV (11F202612108_18h) | 1 of 1 ✔
[ed/5a87a2] MM_…SEVERUS (11F202612108_18h) | 1 of 1 ✔
[45/3d5f78] MM_…R_MERGE (11F202612108_18h) | 1 of 1 ✔
[b0/56e898] MM_…CATIONS (11F202612108_18h) | 1 of 1 ✔

============================================================
mm-awgs-nextflow run complete
============================================================
status:        SUCCESS
runName:       lonely_noether
duration:      1m 24s
outdir:        results_t2t_only
workDir:       /goast/mm-awgs-nextflow/work

Completed at: 27-May-2026 19:41:42
Duration    : 1m 24s
CPU hours   : 1.0
Succeeded   : 7


